// Jest Snapshot v1, https://goo.gl/fbAQLP

exports[`Test for rendering dashboard page It should render dashboard page 1`] = `
<section
  className="dashboard"
>
  <div
    className="left__sidebar"
  >
    <section
      className="sidebar"
    >
      <h3
        className="side_header"
      >
        UI COMPONENTS
      </h3>
      <ul
        className="elements"
      >
        <li
          className="link_container"
        >
          <div
            className="link_left"
          >
            <svg
              className="link__icon"
              fill="currentColor"
              height="1em"
              stroke="currentColor"
              strokeWidth="0"
              style={
                Object {
                  "color": undefined,
                }
              }
              viewBox="0 0 1024 1024"
              width="1em"
              xmlns="http://www.w3.org/2000/svg"
            >
              <path
                d="M1018.72 295.472L878.848 28.03C870.688 12.43 849.584-.322 832-.322H510.064c-.351-.015-.703-.11-1.054-.127-.288 0-.56.113-.849.128h-316.16c-17.6 0-38.752 12.72-47.024 28.256L5.473 290.223c-8.289 15.536-6.624 39.937 3.631 54.257l480.016 669.152c5.153 7.184 12 10.815 18.832 10.815 6.785 0 13.584-3.536 18.768-10.591L1014.624 349.6c10.384-14.193 12.256-38.544 4.096-54.128zm-76.353-7.843H770.911l68.656-196.608zM575.343 63.677h205.968l-63.888 182.928zm92.895 223.952H370.591L511.263 85.533zm-354.351-30.544L249.71 63.677h198.816zm366.863 94.544L508.718 844.173 345.262 351.629H680.75zM436.926 831.085L92.99 351.629h184.832zm311.616-479.456H933.71l-352.976 480.56zM188.478 82.413l68.096 205.216H79.326z"
              />
            </svg>
            <a
              className="link__sidebar"
              href="#/all"
              onClick={[Function]}
            >
              Elements
            </a>
          </div>
          <svg
            className="link__icon"
            fill="currentColor"
            height="1em"
            stroke="currentColor"
            strokeWidth="0"
            style={
              Object {
                "color": undefined,
              }
            }
            viewBox="0 0 512 512"
            width="1em"
            xmlns="http://www.w3.org/2000/svg"
          >
            <path
              d="M256 294.1L383 167c9.4-9.4 24.6-9.4 33.9 0s9.3 24.6 0 34L273 345c-9.1 9.1-23.7 9.3-33.1.7L95 201.1c-4.7-4.7-7-10.9-7-17s2.3-12.3 7-17c9.4-9.4 24.6-9.4 33.9 0l127.1 127z"
            />
          </svg>
        </li>
        <li
          className="link_container"
        >
          <div
            className="link_left"
          >
            <div
              className="link_left"
            >
              <svg
                className="link__icon"
                fill="none"
                height="1em"
                stroke="currentColor"
                strokeWidth="0"
                style={
                  Object {
                    "color": undefined,
                  }
                }
                viewBox="0 0 24 24"
                width="1em"
                xmlns="http://www.w3.org/2000/svg"
              >
                <path
                  d="M7 12l3-3 3 3 4-4M8 21l4-4 4 4M3 4h18M4 4h16v12a1 1 0 01-1 1H5a1 1 0 01-1-1V4z"
                  strokeLinecap="round"
                  strokeLinejoin="round"
                  strokeWidth="2"
                />
              </svg>
              <a
                activeClassName="active"
                className="link__sidebar"
                href="#/example2"
                onClick={[Function]}
              >
                Components
              </a>
            </div>
          </div>
          <svg
            className="link__icon"
            fill="currentColor"
            height="1em"
            stroke="currentColor"
            strokeWidth="0"
            style={
              Object {
                "color": undefined,
              }
            }
            viewBox="0 0 512 512"
            width="1em"
            xmlns="http://www.w3.org/2000/svg"
          >
            <path
              d="M256 294.1L383 167c9.4-9.4 24.6-9.4 33.9 0s9.3 24.6 0 34L273 345c-9.1 9.1-23.7 9.3-33.1.7L95 201.1c-4.7-4.7-7-10.9-7-17s2.3-12.3 7-17c9.4-9.4 24.6-9.4 33.9 0l127.1 127z"
            />
          </svg>
        </li>
        <li
          className="link_container"
        >
          <div
            className="link_left"
          >
            <svg
              className="link__icon"
              fill="currentColor"
              height="1em"
              stroke="currentColor"
              strokeWidth="0"
              style={
                Object {
                  "color": undefined,
                }
              }
              viewBox="0 0 1024 1024"
              width="1em"
              xmlns="http://www.w3.org/2000/svg"
            >
              <path
                d="M928 160H96c-17.7 0-32 14.3-32 32v640c0 17.7 14.3 32 32 32h832c17.7 0 32-14.3 32-32V192c0-17.7-14.3-32-32-32zm-40 208H676V232h212v136zm0 224H676V432h212v160zM412 432h200v160H412V432zm200-64H412V232h200v136zm-476 64h212v160H136V432zm0-200h212v136H136V232zm0 424h212v136H136V656zm276 0h200v136H412V656zm476 136H676V656h212v136z"
              />
            </svg>
            <a
              activeClassName="active"
              className="link__sidebar"
              href="#/example3"
              onClick={[Function]}
            >
              Tables
            </a>
          </div>
          <svg
            className="link__icon"
            fill="currentColor"
            height="1em"
            stroke="currentColor"
            strokeWidth="0"
            style={
              Object {
                "color": undefined,
              }
            }
            viewBox="0 0 512 512"
            width="1em"
            xmlns="http://www.w3.org/2000/svg"
          >
            <path
              d="M256 294.1L383 167c9.4-9.4 24.6-9.4 33.9 0s9.3 24.6 0 34L273 345c-9.1 9.1-23.7 9.3-33.1.7L95 201.1c-4.7-4.7-7-10.9-7-17s2.3-12.3 7-17c9.4-9.4 24.6-9.4 33.9 0l127.1 127z"
            />
          </svg>
        </li>
      </ul>
      <h3
        className="side_header"
      >
        DASHBOARD WIDGETS
      </h3>
      <ul
        className="widgets"
      >
        <li
          className="link_container"
        >
          <div
            className="link_left"
          >
            <svg
              className="link__icon"
              fill="currentColor"
              height="1em"
              stroke="currentColor"
              strokeWidth="0"
              style={
                Object {
                  "color": undefined,
                }
              }
              viewBox="0 0 16 16"
              width="1em"
              xmlns="http://www.w3.org/2000/svg"
            >
              <path
                d="M7.5 1.018a7 7 0 0 0-4.79 11.566L7.5 7.793V1.018zm1 0V7.5h6.482A7.001 7.001 0 0 0 8.5 1.018zM14.982 8.5H8.207l-4.79 4.79A7 7 0 0 0 14.982 8.5zM0 8a8 8 0 1 1 16 0A8 8 0 0 1 0 8z"
              />
            </svg>
            <a
              activeClassName="active"
              className="link__sidebar"
              href="#/example4"
              onClick={[Function]}
            >
              Chart boxes 1
            </a>
          </div>
        </li>
        <li
          className="link_container"
        >
          <div
            className="link_left"
          >
            <svg
              className="link__icon"
              fill="none"
              height="1em"
              stroke="currentColor"
              strokeWidth="0"
              style={
                Object {
                  "color": undefined,
                }
              }
              viewBox="0 0 24 24"
              width="1em"
              xmlns="http://www.w3.org/2000/svg"
            >
              <path
                d="M7 12l3-3 3 3 4-4M8 21l4-4 4 4M3 4h18M4 4h16v12a1 1 0 01-1 1H5a1 1 0 01-1-1V4z"
                strokeLinecap="round"
                strokeLinejoin="round"
                strokeWidth="2"
              />
            </svg>
            <a
              activeClassName="active"
              className="link__sidebar"
              href="#/example5"
              onClick={[Function]}
            >
              Chart boxes 2
            </a>
          </div>
        </li>
        <li
          className="link_container"
        >
          <div
            className="link_left"
          >
            <svg
              className="link__icon"
              fill="none"
              height="1em"
              stroke="currentColor"
              strokeLinecap="round"
              strokeLinejoin="round"
              strokeWidth="2"
              style={
                Object {
                  "color": undefined,
                }
              }
              viewBox="0 0 24 24"
              width="1em"
              xmlns="http://www.w3.org/2000/svg"
            >
              <desc />
              <path
                d="M0 0h24v24H0z"
                fill="none"
                stroke="none"
              />
              <path
                d="M12 12l-6.5 5.5"
              />
              <path
                d="M12 3v9h9"
              />
              <circle
                cx="12"
                cy="12"
                r="9"
              />
              <path
                d="M12 12l5 7.5"
              />
            </svg>
            <a
              activeClassName="active"
              className="link__sidebar"
              href="#/example6"
              onClick={[Function]}
            >
              Chart boxes 3
            </a>
          </div>
        </li>
        <li
          className="link_container"
        >
          <div
            className="link_left"
          >
            <svg
              className="link__icon"
              fill="currentColor"
              height="1em"
              stroke="currentColor"
              strokeWidth="0"
              style={
                Object {
                  "color": undefined,
                }
              }
              viewBox="0 0 24 24"
              width="1em"
              xmlns="http://www.w3.org/2000/svg"
            >
              <path
                d="M0 0h24v24H0V0z"
                fill="none"
              />
              <path
                d="M6.21 13.97l1.2 2.07c.08.13.23.18.37.13l1.49-.6c.31.24.64.44 1.01.59l.22 1.59c.03.14.15.25.3.25h2.4c.15 0 .27-.11.3-.26l.22-1.59c.36-.15.7-.35 1.01-.59l1.49.6c.14.05.29 0 .37-.13l1.2-2.07c.08-.13.04-.29-.07-.39l-1.27-.99c.03-.19.04-.39.04-.58 0-.2-.02-.39-.04-.59l1.27-.99c.11-.09.15-.26.07-.39l-1.2-2.07a.306.306 0 00-.37-.13l-1.49.6c-.31-.24-.64-.44-1.01-.59l-.22-1.59a.31.31 0 00-.3-.25h-2.4a.31.31 0 00-.3.26l-.22 1.59c-.36.15-.71.34-1.01.58l-1.49-.6c-.14-.05-.29 0-.37.13l-1.2 2.07c-.08.13-.04.29.07.39l1.27.99c-.03.2-.05.39-.05.59 0 .2.02.39.04.59l-1.27.99c-.11.1-.14.26-.06.39zM12 10.29c.94 0 1.71.77 1.71 1.71s-.77 1.71-1.71 1.71-1.71-.77-1.71-1.71.77-1.71 1.71-1.71zM19 3H5a2 2 0 00-2 2v14a2 2 0 002 2h14a2 2 0 002-2V5a2 2 0 00-2-2zm0 16H5V5h14v14z"
              />
            </svg>
            <a
              activeClassName="active"
              className="link__sidebar"
              href="#/exmple7"
              onClick={[Function]}
            >
              Profile Boxes
            </a>
          </div>
        </li>
        <li
          className="link_container"
        >
          <div
            className="link_left"
          >
            <svg
              className="link__icon"
              fill="currentColor"
              height="1em"
              stroke="currentColor"
              strokeWidth="0"
              style={
                Object {
                  "color": undefined,
                }
              }
              viewBox="0 0 24 24"
              width="1em"
              xmlns="http://www.w3.org/2000/svg"
            >
              <path
                d="M0 0h24v24H0V0z"
                fill="none"
              />
              <path
                d="M6.21 13.97l1.2 2.07c.08.13.23.18.37.13l1.49-.6c.31.24.64.44 1.01.59l.22 1.59c.03.14.15.25.3.25h2.4c.15 0 .27-.11.3-.26l.22-1.59c.36-.15.7-.35 1.01-.59l1.49.6c.14.05.29 0 .37-.13l1.2-2.07c.08-.13.04-.29-.07-.39l-1.27-.99c.03-.19.04-.39.04-.58 0-.2-.02-.39-.04-.59l1.27-.99c.11-.09.15-.26.07-.39l-1.2-2.07a.306.306 0 00-.37-.13l-1.49.6c-.31-.24-.64-.44-1.01-.59l-.22-1.59a.31.31 0 00-.3-.25h-2.4a.31.31 0 00-.3.26l-.22 1.59c-.36.15-.71.34-1.01.58l-1.49-.6c-.14-.05-.29 0-.37.13l-1.2 2.07c-.08.13-.04.29.07.39l1.27.99c-.03.2-.05.39-.05.59 0 .2.02.39.04.59l-1.27.99c-.11.1-.14.26-.06.39zM12 10.29c.94 0 1.71.77 1.71 1.71s-.77 1.71-1.71 1.71-1.71-.77-1.71-1.71.77-1.71 1.71-1.71zM19 3H5a2 2 0 00-2 2v14a2 2 0 002 2h14a2 2 0 002-2V5a2 2 0 00-2-2zm0 16H5V5h14v14z"
              />
            </svg>
            <a
              activeClassName="active"
              className="link__sidebar"
              href="#/example8"
              onClick={[Function]}
            >
              Applications
            </a>
          </div>
        </li>
      </ul>
    </section>
  </div>
  <div
    className="right__dashboard"
  >
    <section
      className="mid_dashboard"
    >
      <div
        className="board"
      >
        <div
          className="board__header"
        >
          <span
            className="top_header"
          >
            <svg
              fill="none"
              height="1em"
              stroke="currentColor"
              strokeLinecap="round"
              strokeLinejoin="round"
              strokeWidth="2"
              style={
                Object {
                  "color": undefined,
                }
              }
              viewBox="0 0 24 24"
              width="1em"
              xmlns="http://www.w3.org/2000/svg"
            >
              <desc />
              <path
                d="M0 0h24v24H0z"
                fill="none"
                stroke="none"
              />
              <line
                x1="3"
                x2="21"
                y1="21"
                y2="21"
              />
              <path
                d="M5 21v-14l8 -4v18"
              />
              <path
                d="M19 21v-10l-6 -4"
              />
              <line
                x1="9"
                x2="9"
                y1="9"
                y2="9.01"
              />
              <line
                x1="9"
                x2="9"
                y1="12"
                y2="12.01"
              />
              <line
                x1="9"
                x2="9"
                y1="15"
                y2="15.01"
              />
              <line
                x1="9"
                x2="9"
                y1="18"
                y2="18.01"
              />
            </svg>
            <h1
              className="top__title"
            >
              Minimal Dashboard
            </h1>
          </span>
          <span
            className="top_header .top_paragraph"
          >
            <svg
              fill="currentColor"
              height="1em"
              stroke="currentColor"
              strokeWidth="0"
              style={
                Object {
                  "color": undefined,
                }
              }
              version="1.1"
              viewBox="0 0 16 16"
              width="1em"
              xmlns="http://www.w3.org/2000/svg"
            >
              <path
                d="M16 9.226l-8-6.21-8 6.21v-2.532l8-6.21 8 6.21zM14 9v6h-4v-4h-4v4h-4v-6l6-4.5z"
              />
            </svg>
             
            <p
              className="top__title"
            >
               
              <b>
                /
              </b>
               
              Dashboards
               
              <b>
                /
              </b>
               
              Minimal Dashboard example
            </p>
          </span>
        </div>
        <div
          className="board__icons"
        >
          <select
            id="country"
            name="country"
          >
            <option
              value="australia"
            >
              Select period ...
            </option>
            <option
              value="Jan"
            >
              Jan
            </option>
            <option
              value="Feb"
            >
              Feb
            </option>
          </select>
          <div
            className="icon_container"
          >
            <svg
              className="board__icon"
              fill="currentColor"
              height="1em"
              stroke="currentColor"
              strokeWidth="0"
              style={
                Object {
                  "color": undefined,
                }
              }
              viewBox="0 0 640 512"
              width="1em"
              xmlns="http://www.w3.org/2000/svg"
            >
              <path
                d="M544 160v64h32v64h-32v64H64V160h480m16-64H48c-26.51 0-48 21.49-48 48v224c0 26.51 21.49 48 48 48h512c26.51 0 48-21.49 48-48v-16h8c13.255 0 24-10.745 24-24V184c0-13.255-10.745-24-24-24h-8v-16c0-26.51-21.49-48-48-48zm-144 96H96v128h320V192z"
              />
            </svg>
          </div>
        </div>
      </div>
      <div>
        <div
          className="card"
        >
          <div
            className={null}
            id={null}
            style={null}
          >
            <div>
              <div
                className="p-message p-component p-message-info"
                onClick={[Function]}
              >
                <div
                  className="p-message-wrapper"
                >
                  <span
                    className="p-message-icon pi pi-info-circle"
                  />
                  <span
                    className="p-message-summary"
                  >
                     
                  </span>
                  <span
                    className="p-message-detail"
                  >
                    This dashboard example was created using only the available elements and components, no additional scss was written
                  </span>
                  <button
                    aria-label="Close"
                    className="p-message-close p-link"
                    onClick={[Function]}
                    type="button"
                  >
                    <i
                      aria-hidden="true"
                      className="p-message-close-icon pi pi-times"
                    />
                  </button>
                </div>
              </div>
            </div>
          </div>
        </div>
      </div>
      <section
        className="card__list"
      >
        <div
          className="card_one"
          style={
            Object {
              "borderBottom": "4px solid #3b82f6",
            }
          }
        >
          <div>
            <p>
              NEW ACCOUNT
            </p>
            <div
              className="numbers"
            >
              <svg
                className="left__icon"
                fill="currentColor"
                height="1em"
                stroke="currentColor"
                strokeWidth="0"
                style={
                  Object {
                    "color": undefined,
                  }
                }
                viewBox="0 0 512 512"
                width="1em"
                xmlns="http://www.w3.org/2000/svg"
              >
                <path
                  d="M256 217.9L383 345c9.4 9.4 24.6 9.4 33.9 0 9.4-9.4 9.3-24.6 0-34L273 167c-9.1-9.1-23.7-9.3-33.1-.7L95 310.9c-4.7 4.7-7 10.9-7 17s2.3 12.3 7 17c9.4 9.4 24.6 9.4 33.9 0l127.1-127z"
                />
              </svg>
              <span
                className="value"
              >
                234
              </span>
              <span
                className="right__icon"
              >
                %
              </span>
            </div>
          </div>
          <div
            className="circular"
          >
            <svg
              className="CircularProgressbar "
              data-test-id="CircularProgressbar"
              style={Object {}}
              viewBox="0 0 100 100"
            >
              <path
                className="CircularProgressbar-trail"
                d="
      M 50,50
      m 0,-46
      a 46,46 0 1 1 0,92
      a 46,46 0 1 1 0,-92
    "
                fillOpacity={0}
                strokeWidth={8}
                style={
                  Object {
                    "strokeDasharray": "289.02652413026095px 289.02652413026095px",
                    "strokeDashoffset": "0px",
                  }
                }
              />
              <path
                className="CircularProgressbar-path"
                d="
      M 50,50
      m 0,-46
      a 46,46 0 1 1 0,92
      a 46,46 0 1 1 0,-92
    "
                fillOpacity={0}
                strokeWidth={8}
                style={
                  Object {
                    "strokeDasharray": "289.02652413026095px 289.02652413026095px",
                    "strokeDashoffset": "92.48848772168348px",
                  }
                }
              />
              <text
                className="CircularProgressbar-text"
                style={Object {}}
                x={50}
                y={50}
              >
                68%
              </text>
            </svg>
          </div>
        </div>
        <div
          className="card_one"
          style={
            Object {
              "borderBottom": "4px solid red",
            }
          }
        >
          <div>
            <p>
              TOTAL EXPENSES
            </p>
            <div
              className="numbers"
            >
              <svg
                className="left__icon"
                fill="currentColor"
                height="1em"
                stroke="currentColor"
                strokeWidth="0"
                style={
                  Object {
                    "color": undefined,
                  }
                }
                viewBox="0 0 512 512"
                width="1em"
                xmlns="http://www.w3.org/2000/svg"
              >
                <path
                  d="M256 294.1L383 167c9.4-9.4 24.6-9.4 33.9 0s9.3 24.6 0 34L273 345c-9.1 9.1-23.7 9.3-33.1.7L95 201.1c-4.7-4.7-7-10.9-7-17s2.3-12.3 7-17c9.4-9.4 24.6-9.4 33.9 0l127.1 127z"
                />
              </svg>
              <span
                className="value"
              >
                234
              </span>
              <span
                className="right__icon"
              >
                %
              </span>
            </div>
          </div>
          <div
            className="circular"
          >
            <svg
              className="CircularProgressbar "
              data-test-id="CircularProgressbar"
              style={Object {}}
              viewBox="0 0 100 100"
            >
              <path
                className="CircularProgressbar-trail"
                d="
      M 50,50
      m 0,-46
      a 46,46 0 1 1 0,92
      a 46,46 0 1 1 0,-92
    "
                fillOpacity={0}
                strokeWidth={8}
                style={
                  Object {
                    "strokeDasharray": "289.02652413026095px 289.02652413026095px",
                    "strokeDashoffset": "0px",
                  }
                }
              />
              <path
                className="CircularProgressbar-path"
                d="
      M 50,50
      m 0,-46
      a 46,46 0 1 1 0,92
      a 46,46 0 1 1 0,-92
    "
                fillOpacity={0}
                strokeWidth={8}
                style={
                  Object {
                    "strokeDasharray": "289.02652413026095px 289.02652413026095px",
                    "strokeDashoffset": "109.83007916949916px",
                  }
                }
              />
              <text
                className="CircularProgressbar-text"
                style={Object {}}
                x={50}
                y={50}
              >
                62%
              </text>
            </svg>
          </div>
        </div>
        <div
          className="card_one"
          style={
            Object {
              "borderBottom": "4px solid orange",
            }
          }
        >
          <div>
            <p>
              COMPANY VALUE
            </p>
            <div
              className="numbers"
            >
              <svg
                className="left__icon"
                fill="currentColor"
                height="1em"
                stroke="currentColor"
                strokeWidth="0"
                style={
                  Object {
                    "color": undefined,
                  }
                }
                viewBox="0 0 16 16"
                width="1em"
                xmlns="http://www.w3.org/2000/svg"
              >
                <path
                  d="M4 10.781c.148 1.667 1.513 2.85 3.591 3.003V15h1.043v-1.216c2.27-.179 3.678-1.438 3.678-3.3 0-1.59-.947-2.51-2.956-3.028l-.722-.187V3.467c1.122.11 1.879.714 2.07 1.616h1.47c-.166-1.6-1.54-2.748-3.54-2.875V1H7.591v1.233c-1.939.23-3.27 1.472-3.27 3.156 0 1.454.966 2.483 2.661 2.917l.61.162v4.031c-1.149-.17-1.94-.8-2.131-1.718H4zm3.391-3.836c-1.043-.263-1.6-.825-1.6-1.616 0-.944.704-1.641 1.8-1.828v3.495l-.2-.05zm1.591 1.872c1.287.323 1.852.859 1.852 1.769 0 1.097-.826 1.828-2.2 1.939V8.73l.348.086z"
                />
              </svg>
              <span
                className="value"
              >
                234
              </span>
              <span
                className="right__icon"
              >
                %
              </span>
            </div>
          </div>
          <div
            className="circular"
          >
            <svg
              className="CircularProgressbar "
              data-test-id="CircularProgressbar"
              style={Object {}}
              viewBox="0 0 100 100"
            >
              <path
                className="CircularProgressbar-trail"
                d="
      M 50,50
      m 0,-46
      a 46,46 0 1 1 0,92
      a 46,46 0 1 1 0,-92
    "
                fillOpacity={0}
                strokeWidth={8}
                style={
                  Object {
                    "strokeDasharray": "289.02652413026095px 289.02652413026095px",
                    "strokeDashoffset": "0px",
                  }
                }
              />
              <path
                className="CircularProgressbar-path"
                d="
      M 50,50
      m 0,-46
      a 46,46 0 1 1 0,92
      a 46,46 0 1 1 0,-92
    "
                fillOpacity={0}
                strokeWidth={8}
                style={
                  Object {
                    "strokeDasharray": "289.02652413026095px 289.02652413026095px",
                    "strokeDashoffset": "80.92742675647307px",
                  }
                }
              />
              <text
                className="CircularProgressbar-text"
                style={Object {}}
                x={50}
                y={50}
              >
                72%
              </text>
            </svg>
          </div>
        </div>
        <div
          className="card_one"
          style={
            Object {
              "borderBottom": "4px solid green",
            }
          }
        >
          <div>
            <p>
              NEW EMPLOYEES
            </p>
            <div
              className="numbers"
            >
              <svg
                className="left__icon"
                fill="currentColor"
                height="1em"
                stroke="currentColor"
                strokeWidth="0"
                style={
                  Object {
                    "color": undefined,
                  }
                }
                t="1551322312294"
                version="1.1"
                viewBox="0 0 1024 1024"
                width="1em"
                xmlns="http://www.w3.org/2000/svg"
              >
                <defs />
                <path
                  d="M474 152m8 0l60 0q8 0 8 8l0 704q0 8-8 8l-60 0q-8 0-8-8l0-704q0-8 8-8Z"
                />
                <path
                  d="M168 474m8 0l672 0q8 0 8 8l0 60q0 8-8 8l-672 0q-8 0-8-8l0-60q0-8 8-8Z"
                />
              </svg>
              <span
                className="value"
              >
                234
              </span>
              <span
                className="right__icon"
              >
                %
              </span>
            </div>
          </div>
          <div
            className="circular"
          >
            <svg
              className="CircularProgressbar "
              data-test-id="CircularProgressbar"
              style={Object {}}
              viewBox="0 0 100 100"
            >
              <path
                className="CircularProgressbar-trail"
                d="
      M 50,50
      m 0,-46
      a 46,46 0 1 1 0,92
      a 46,46 0 1 1 0,-92
    "
                fillOpacity={0}
                strokeWidth={8}
                style={
                  Object {
                    "strokeDasharray": "289.02652413026095px 289.02652413026095px",
                    "strokeDashoffset": "0px",
                  }
                }
              />
              <path
                className="CircularProgressbar-path"
                d="
      M 50,50
      m 0,-46
      a 46,46 0 1 1 0,92
      a 46,46 0 1 1 0,-92
    "
                fillOpacity={0}
                strokeWidth={8}
                style={
                  Object {
                    "strokeDasharray": "289.02652413026095px 289.02652413026095px",
                    "strokeDashoffset": "54.915039584749564px",
                  }
                }
              />
              <text
                className="CircularProgressbar-text"
                style={Object {}}
                x={50}
                y={50}
              >
                81%
              </text>
            </svg>
          </div>
        </div>
      </section>
      <section
        className="chart__container"
      >
        <div
          className="trafic"
        >
          <div
            className="chart__card"
          >
            <div
              className="p-chart"
              id={null}
              style={
                Object {
                  "height": null,
                  "width": null,
                }
              }
            >
              <canvas
                height={null}
                width={null}
              />
            </div>
          </div>
        </div>
        <div
          className="income"
        >
          <div>
            <div
              data-test-id="CircularProgressbarWithChildren"
            >
              <div
                style={
                  Object {
                    "height": "100%",
                    "position": "relative",
                    "width": "100%",
                  }
                }
              >
                <svg
                  className="CircularProgressbar "
                  data-test-id="CircularProgressbar"
                  style={Object {}}
                  viewBox="0 0 100 100"
                >
                  <path
                    className="CircularProgressbar-trail"
                    d="
      M 50,50
      m 0,-46
      a 46,46 0 1 1 0,92
      a 46,46 0 1 1 0,-92
    "
                    fillOpacity={0}
                    strokeWidth={8}
                    style={
                      Object {
                        "strokeDasharray": "289.02652413026095px 289.02652413026095px",
                        "strokeDashoffset": "0px",
                      }
                    }
                  />
                  <path
                    className="CircularProgressbar-path"
                    d="
      M 50,50
      m 0,-46
      a 46,46 0 1 1 0,92
      a 46,46 0 1 1 0,-92
    "
                    fillOpacity={0}
                    strokeWidth={8}
                    style={
                      Object {
                        "strokeDasharray": "289.02652413026095px 289.02652413026095px",
                        "strokeDashoffset": "98.26901820428871px",
                      }
                    }
                  />
                </svg>
                <div
                  data-test-id="CircularProgressbarWithChildren__children"
                  style={
                    Object {
                      "alignItems": "center",
                      "display": "flex",
                      "flexDirection": "column",
                      "height": "100%",
                      "justifyContent": "center",
                      "marginTop": "-100%",
                      "position": "absolute",
                      "width": "100%",
                    }
                  }
                >
                  <div
                    className="center"
                    style={
                      Object {
                        "fontSize": 12,
                        "marginTop": -5,
                      }
                    }
                  >
                    <strong>
                      Percent
                    </strong>
                    <strong>
                      78
                    </strong>
                  </div>
                </div>
              </div>
            </div>
          </div>
        </div>
      </section>
      <section
        className="track"
      >
        <div
          className="card_one"
          style={
            Object {
              "borderBottom": "4px solid #3b82f6",
            }
          }
        >
          <div>
            <p>
              Income
            </p>
            <div
              className="numbers"
            >
              <svg
                className="left__icon"
                fill="currentColor"
                height="1em"
                stroke="currentColor"
                strokeWidth="0"
                style={
                  Object {
                    "color": undefined,
                  }
                }
                viewBox="0 0 16 16"
                width="1em"
                xmlns="http://www.w3.org/2000/svg"
              >
                <path
                  d="M4 10.781c.148 1.667 1.513 2.85 3.591 3.003V15h1.043v-1.216c2.27-.179 3.678-1.438 3.678-3.3 0-1.59-.947-2.51-2.956-3.028l-.722-.187V3.467c1.122.11 1.879.714 2.07 1.616h1.47c-.166-1.6-1.54-2.748-3.54-2.875V1H7.591v1.233c-1.939.23-3.27 1.472-3.27 3.156 0 1.454.966 2.483 2.661 2.917l.61.162v4.031c-1.149-.17-1.94-.8-2.131-1.718H4zm3.391-3.836c-1.043-.263-1.6-.825-1.6-1.616 0-.944.704-1.641 1.8-1.828v3.495l-.2-.05zm1.591 1.872c1.287.323 1.852.859 1.852 1.769 0 1.097-.826 1.828-2.2 1.939V8.73l.348.086z"
                />
              </svg>
              <span
                className="value"
              >
                234
              </span>
              <span
                className="right__icon"
              >
                %
              </span>
            </div>
          </div>
          <div
            className="circular"
          >
            +14%
          </div>
        </div>
        <div
          className="card_one"
          style={
            Object {
              "borderBottom": "4px solid red",
            }
          }
        >
          <div>
            <p>
              Expenses
            </p>
            <div
              className="numbers"
            >
              <svg
                className="left__icon"
                fill="currentColor"
                height="1em"
                stroke="currentColor"
                strokeWidth="0"
                style={
                  Object {
                    "color": undefined,
                  }
                }
                viewBox="0 0 16 16"
                width="1em"
                xmlns="http://www.w3.org/2000/svg"
              >
                <path
                  d="M4 10.781c.148 1.667 1.513 2.85 3.591 3.003V15h1.043v-1.216c2.27-.179 3.678-1.438 3.678-3.3 0-1.59-.947-2.51-2.956-3.028l-.722-.187V3.467c1.122.11 1.879.714 2.07 1.616h1.47c-.166-1.6-1.54-2.748-3.54-2.875V1H7.591v1.233c-1.939.23-3.27 1.472-3.27 3.156 0 1.454.966 2.483 2.661 2.917l.61.162v4.031c-1.149-.17-1.94-.8-2.131-1.718H4zm3.391-3.836c-1.043-.263-1.6-.825-1.6-1.616 0-.944.704-1.641 1.8-1.828v3.495l-.2-.05zm1.591 1.872c1.287.323 1.852.859 1.852 1.769 0 1.097-.826 1.828-2.2 1.939V8.73l.348.086z"
                />
              </svg>
              <span
                className="value"
              >
                234
              </span>
              <span
                className="right__icon"
              >
                %
              </span>
            </div>
          </div>
          <div
            className="circular"
          >
            8%
          </div>
        </div>
        <div
          className="card_one"
          style={
            Object {
              "borderBottom": "4px solid orange",
            }
          }
        >
          <div>
            <p>
              Spendings
            </p>
            <div
              className="numbers"
            >
              <svg
                className="left__icon"
                fill="currentColor"
                height="1em"
                stroke="currentColor"
                strokeWidth="0"
                style={
                  Object {
                    "color": undefined,
                  }
                }
                viewBox="0 0 16 16"
                width="1em"
                xmlns="http://www.w3.org/2000/svg"
              >
                <path
                  d="M4 10.781c.148 1.667 1.513 2.85 3.591 3.003V15h1.043v-1.216c2.27-.179 3.678-1.438 3.678-3.3 0-1.59-.947-2.51-2.956-3.028l-.722-.187V3.467c1.122.11 1.879.714 2.07 1.616h1.47c-.166-1.6-1.54-2.748-3.54-2.875V1H7.591v1.233c-1.939.23-3.27 1.472-3.27 3.156 0 1.454.966 2.483 2.661 2.917l.61.162v4.031c-1.149-.17-1.94-.8-2.131-1.718H4zm3.391-3.836c-1.043-.263-1.6-.825-1.6-1.616 0-.944.704-1.641 1.8-1.828v3.495l-.2-.05zm1.591 1.872c1.287.323 1.852.859 1.852 1.769 0 1.097-.826 1.828-2.2 1.939V8.73l.348.086z"
                />
              </svg>
              <span
                className="value"
              >
                234
              </span>
              <span
                className="right__icon"
              >
                %
              </span>
            </div>
          </div>
          <div
            className="circular"
          >
            15%
          </div>
        </div>
        <div
          className="card_one"
          style={
            Object {
              "borderBottom": "4px solid green",
            }
          }
        >
          <div>
            <p>
              Totals
            </p>
            <div
              className="numbers"
            >
              <svg
                className="left__icon"
                fill="currentColor"
                height="1em"
                stroke="currentColor"
                strokeWidth="0"
                style={
                  Object {
                    "color": undefined,
                  }
                }
                viewBox="0 0 16 16"
                width="1em"
                xmlns="http://www.w3.org/2000/svg"
              >
                <path
                  d="M4 10.781c.148 1.667 1.513 2.85 3.591 3.003V15h1.043v-1.216c2.27-.179 3.678-1.438 3.678-3.3 0-1.59-.947-2.51-2.956-3.028l-.722-.187V3.467c1.122.11 1.879.714 2.07 1.616h1.47c-.166-1.6-1.54-2.748-3.54-2.875V1H7.591v1.233c-1.939.23-3.27 1.472-3.27 3.156 0 1.454.966 2.483 2.661 2.917l.61.162v4.031c-1.149-.17-1.94-.8-2.131-1.718H4zm3.391-3.836c-1.043-.263-1.6-.825-1.6-1.616 0-.944.704-1.641 1.8-1.828v3.495l-.2-.05zm1.591 1.872c1.287.323 1.852.859 1.852 1.769 0 1.097-.826 1.828-2.2 1.939V8.73l.348.086z"
                />
              </svg>
              <span
                className="value"
              >
                234
              </span>
              <span
                className="right__icon"
              >
                %
              </span>
            </div>
          </div>
          <div
            className="circular"
          >
            +76%
          </div>
        </div>
      </section>
      <section
        className="target"
      >
        <div
          className="target__header"
        >
          <p>
            Target Section
          </p>
          <a
            className="target__Link"
            href="#/"
            onClick={[Function]}
          >
            View Details
          </a>
        </div>
        <div
          className="target__list"
        >
          <div
            className="target__card"
          >
            <div
              className="target__card__header"
            >
              <span
                className="target__value"
              >
                71
                %
              </span>
              <div
                className="card"
              >
                <div
                  aria-valuemax="100"
                  aria-valuemin="0"
                  aria-valuenow={71}
                  className="p-progressbar p-component p-progressbar-determinate"
                  id={null}
                  role="progressbar"
                  style={null}
                >
                  <div
                    className="p-progressbar-value p-progressbar-value-animate"
                    style={
                      Object {
                        "backgroundColor": null,
                        "display": "flex",
                        "width": "71%",
                      }
                    }
                  >
                    <div
                      className="p-progressbar-label"
                    >
                      71%
                    </div>
                  </div>
                </div>
              </div>
            </div>
            <p>
              Income Target
            </p>
          </div>
          <div
            className="target__card"
          >
            <div
              className="target__card__header"
            >
              <span
                className="target__value"
              >
                54
                %
              </span>
              <div
                className="card"
              >
                <div
                  aria-valuemax="100"
                  aria-valuemin="0"
                  aria-valuenow={54}
                  className="p-progressbar p-component p-progressbar-determinate"
                  id={null}
                  role="progressbar"
                  style={null}
                >
                  <div
                    className="p-progressbar-value p-progressbar-value-animate"
                    style={
                      Object {
                        "backgroundColor": null,
                        "display": "flex",
                        "width": "54%",
                      }
                    }
                  >
                    <div
                      className="p-progressbar-label"
                    >
                      54%
                    </div>
                  </div>
                </div>
              </div>
            </div>
            <p>
              Expense Target
            </p>
          </div>
          <div
            className="target__card"
          >
            <div
              className="target__card__header"
            >
              <span
                className="target__value"
              >
                32
                %
              </span>
              <div
                className="card"
              >
                <div
                  aria-valuemax="100"
                  aria-valuemin="0"
                  aria-valuenow={32}
                  className="p-progressbar p-component p-progressbar-determinate"
                  id={null}
                  role="progressbar"
                  style={null}
                >
                  <div
                    className="p-progressbar-value p-progressbar-value-animate"
                    style={
                      Object {
                        "backgroundColor": null,
                        "display": "flex",
                        "width": "32%",
                      }
                    }
                  >
                    <div
                      className="p-progressbar-label"
                    >
                      32%
                    </div>
                  </div>
                </div>
              </div>
            </div>
            <p>
              Spendings Target
            </p>
          </div>
          <div
            className="target__card"
          >
            <div
              className="target__card__header"
            >
              <span
                className="target__value"
              >
                89
                %
              </span>
              <div
                className="card"
              >
                <div
                  aria-valuemax="100"
                  aria-valuemin="0"
                  aria-valuenow={89}
                  className="p-progressbar p-component p-progressbar-determinate"
                  id={null}
                  role="progressbar"
                  style={null}
                >
                  <div
                    className="p-progressbar-value p-progressbar-value-animate"
                    style={
                      Object {
                        "backgroundColor": null,
                        "display": "flex",
                        "width": "89%",
                      }
                    }
                  >
                    <div
                      className="p-progressbar-label"
                    >
                      89%
                    </div>
                  </div>
                </div>
              </div>
            </div>
            <p>
              Totals target
            </p>
          </div>
        </div>
      </section>
    </section>
  </div>
</section>
`;
